## UPSC eval — prompt v2.5, gemma-4-12b-it-Q4_K_M (score ≥ 3) — ✅ PASS

| metric | result | target |
|---|---|---|
| false positives on `no` | 3/87 (3%) | ≤ 10% |
| recall on `yes` | 10/11 (91%) | ≥ 80% |
| subject accuracy | 9/10 (90%) | ≥ 80% |
| borderline passed | 6/22 (27%) | – |
| errors | 0 | 0 |

v1 baseline: false positives 64%, recall 82%. v2.0: FP 1%, recall 27%. v2.1: FP 34%, recall 100%. v2.2 (7B): FP 26%, recall 100%. v2.3: Qwen14B FP 21%/recall 91%, Gemma4-12B FP 3%/recall 73%, Gemma4-E4B FP 25%/recall 91%.

### By threshold
| keep score ≥ | FP on `no` | recall on `yes` | borderline kept |
|---|---|---|---|
| 2 | 13/87 (15%) | 10/11 (91%) | 8/22 (36%) |
| 3 (current) | 3/87 (3%) | 10/11 (91%) | 6/22 (27%) |
| 4 | 0/87 (0%) | 4/11 (36%) | 0/22 (0%) |

### False positives
- s=3 APCRDA project office bags IGBC Net Zero Energy rating - The Hindu — _environment/state: First government building in India to receive IGBC Net Zero Energy Rating._
- s=3 KFRI signs MoU with Odisha Bamboo Development Agency - The Hindu — _law_policy_scheme/national: Inter-state cooperation on bamboo research, technology transfer, and livelihood schemes._
- s=3 Kerala government orders rollback of UGC, AICTE incentive increments - The Hindu — _law_policy_scheme/state: State-level policy change regarding teacher pay increments and administrative jurisdiction._

### Missed
- s=1 Hyderabad’s NTR Stadium turns sea of faith as thousands observe 350th martyrdom of Guru Te — _history_culture/local: Local religious event; lacks national policy or significant historical impact._

### Sample notes
**Over 68% SIR enumeration forms digitised: ECI - The Hindu** — GS2 › polity › elections ✅
- Why: The Election Commission of India (ECI) reported that over 68% of enumeration forms for the Special Intensive Revision (SIR) of electoral rolls have been digitised across 12 States and UTs.
- [data_fact] Total electors covered in the current SIR phase: 50,97,44,423
- [data_fact] Digitisation status as of Nov 27, 2025: 68.03% of total forms
- [place] States/UTs in SIR: Chhattisgarh, Goa, Gujarat, Kerala, Madhya Pradesh, Rajasthan, Tamil Nadu, Uttar Pradesh, West Bengal, Puducherry, Andaman and Nicobar Islands, Lakshadweep
- [institution] Booth Level Officers (BLOs) are responsible for data upload via dedicated apps
- [data_fact] Lakshadweep achieved the highest digitisation rate at 99.9% as of Nov 2025
- Q: Discuss how the digitisation of electoral rolls contributes to the integrity of the democratic process and identify the logistical hurdles in achieving universal data coverage.

**India-UAE FTA Talks: Market access, gold quota and data sharing reviewed under CEPA - The ** — GS2 › ir › bilateral ✅
- Why: India and UAE held a joint committee meeting to review the Comprehensive Economic Partnership Agreement (CEPA) and discuss expanding trade beyond oil and precious metals.
- [international_org] CEPA: A Comprehensive Economic Partnership Agreement between India and the UAE.
- [data_fact] Bilateral trade volume: Crossed $100 billion in the 2024-25 period.
- [data_fact] Trade Target: $100 billion for non-oil and non-precious metal trade by 2030.
- [institution] APEDA: Agricultural and Processed Food Products Export Development Authority, involved in food safety MoUs.
- [data_fact] Gold TRQ: India now allocates gold Tariff Rate Quotas through a transparent competitive bidding process.
- Q: Examine how Comprehensive Economic Partnership Agreements (CEPAs) can serve as catalysts for diversifying India's trade basket beyond traditional commodities.

**What is going wrong in Tamil Nadu’s SIR? | Focus Tamil Nadu - The Hindu** — GS2 › polity › elections ✅
- Why: The Special Intensive Revision (SIR) in Tamil Nadu is facing operational failures, potentially leading to the mass deletion of genuine voters before the 2026 elections.
- [institution] The Election Commission of India (ECI) is the constitutional body responsible for the preparation and revision of electoral rolls.
- [data_fact] The Special Intensive Revision (SIR) is a periodic exercise to ensure the accuracy of the voter list.
- [person_post] The Chief Electoral Officer (CEO) of a state oversees the implementation of the SIR at the state level.
- Q: Discuss the importance of maintaining an accurate and inclusive electoral roll in a democracy. How can administrative inefficiencies in voter list revisions impact the principle of Universal Adult Franchise?

**EC tells Supreme Court Centre’s citizenship scrutiny powers are limited - The Hindu** — GS2 › polity › constitution ✅
- Why: The Election Commission of India (ECI) submitted an affidavit to the Supreme Court clarifying that its power to scrutinize citizenship for electoral rolls is distinct from the Union Government's exclusive power to termi…
- [constitution] Article 324: Empowers the Election Commission to supervise and control the conduct of elections.
- [constitution] Article 326: Specifies that every person registered in the electoral roll is entitled to vote, with Indian citizenship as a prerequisite.
- [act_bill] Section 9 of the Citizenship Act, 1955: Deals with the termination of Indian citizenship in cases of voluntary acquisition of foreign citizenship.
- [act_bill] Representation of the People Act (ROPA), 1950: Governs the preparation and revision of electoral rolls.
- Q: Examine the constitutional boundaries between the Election Commission's plenary powers under Article 324 and the Union Government's exclusive jurisdiction over citizenship status.

**PM Modi calls Sri Lankan President to offer continued support with cyclone relief - The Hi** — GS2 › ir › neighbourhood ✅
- Why: PM Modi assured Sri Lanka of continued support under 'Operation Sagar Bandhu' to assist in relief and rehabilitation following the devastation caused by Cyclone Ditwah.
- [institution] Operation Sagar Bandhu: India's specific humanitarian assistance and disaster relief (HADR) mission for Sri Lanka.
- [data_fact] India has provided 53 tonnes of relief material to Sri Lanka as of December 1, 2025.
- [place] Cyclone Ditwah: The specific cyclone causing devastation in Sri Lanka in late 2025.
- [data_fact] NDRF teams were dispatched to Sri Lanka on November 29, 2025.
- Q: Examine the significance of India's Humanitarian Assistance and Disaster Relief (HADR) initiatives in strengthening its strategic and neighborhood ties with Sri Lanka.

**Putin is coming to India in December 2025: Which other Russian presidents visited India, i** — GS2 › ir › bilateral ✅
- Why: President Vladimir Putin is scheduled to visit India in December 2025 for the 23rd India-Russia Annual Summit to review defense, space, and energy cooperation.
- [data_fact] The 23rd India-Russia Annual Summit is scheduled for December 2025.
- [person_post] Vladimir Putin assumed the role of Acting President of Russia on 31 December 1999.
- [data_fact] Vladimir Putin was formally elected and sworn in as President of Russia on 7 May 2000.
- [data_fact] Key areas of bilateral cooperation include defense (S-400, Su-57), space, energy, and trade.
- Q: Examine the evolution of the 'Special and Privileged Strategic Partnership' between India and Russia in the context of shifting global geopolitical dynamics.

**Proposal for new design of border fencing under consideration of Centre: BSF IG - The Hind** — GS3 › security › border_management ✅
- Why: The BSF IG announced that the Ministry of Home Affairs is considering a proposal for a new design of barbed wire fencing along the India-Bangladesh border to replace aging infrastructure.
- [data_fact] India-Bangladesh international border length is 4,096 km.
- [data_fact] Tripura shares 856 km of its border with Bangladesh.
- [institution] Border Security Force (BSF) is the primary agency for guarding India's international borders.
- [institution] Bangladesh Border Guard (BGB) is the counterpart agency on the Bangladesh side.
- [person_post] The Ministry of Home Affairs (MHA) is the nodal ministry for border management and BSF operations.
- Q: Discuss the significance of integrated border management systems in curbing transnational crimes like cattle smuggling and ensuring national security along the India-Bangladesh border.

**Droupadi Murmu becomes first President to address Odisha Assembly - The Hindu** — GS1 › history_culture › post_independence ❌ want ['polity']
- Why: President Droupadi Murmu became the first President of India to address the Odisha Legislative Assembly, returning to the house where she began her legislative career in 2000.
- [person_post] Droupadi Murmu is the current President of India.
- [data_fact] President Murmu began her legislative career in the year 2000.
- [data_fact] The President was adjudged the best legislator in the year 2007.
- [scheme] Subhadra scheme: A state-level initiative in Odisha for women's empowerment.
- Q: Discuss the significance of the President's role in fostering federal cooperation and the importance of legislative dignity in a representative democracy.

**Jakarta overtakes Tokyo as world’s most populous city, according to UN | Indonesia | The G** — GS1 › society › urbanisation ✅
- Why: The UN's World Urbanisation Prospects 2025 report identifies Jakarta as the world's most populous city due to revised geospatial methodology.
- [data_fact] Jakarta population: 42 million (UN World Urbanisation Prospects 2025)
- [data_fact] Dhaka population: 37 million
- [data_fact] Tokyo population (megalopolis): 33 million
- [data_fact] Megacity definition: Urban areas with at least 10 million inhabitants
- [data_fact] Global urban population: Nearly 50% of 8.2 billion people
- Q: Discuss the socio-economic implications of rapid urbanisation in Asian megacities and the challenges of managing inclusive urban growth by 2050.

**Manipur's violence-hit people, seeking to return home, clash with security forces - The Hi** — GS3 › security › lwe ✅
- Why: Clashes erupted between internally displaced persons (IDPs) and security forces in Manipur's Imphal East district as displaced people attempted to return to their homes following ethnic violence.
- [place] Imphal East and Senapati are districts in the state of Manipur.
- [data_fact] Ethnic violence in Manipur escalated significantly starting in May 2023.
- [data_fact] The Sangai Festival, a major cultural event in Manipur, began on November 21, 2025.
- Q: Examine the challenges in managing internal security and the rehabilitation of internally displaced persons (IDPs) in conflict-affected regions of Northeast India.


Approved v2.5|gemma-4-12b-it-Q4_K_M for production.
